
留一貼片場次：3 個場次、24,925 個視窗
   gary_20260811: 7,452 視窗 / 2 份錄音
   gary_20260821: 7,653 視窗 / 2 份錄音
   neil_20260810: 9,820 視窗 / 3 份錄音

平行跑 3 折（瓶頸是 CPU 串流重播，不是 GPU 訓練）

[1/3] 留出 gary_20260811   訓練 17,473 視窗 / 測試 7,452
    60811_17-11-49 → 全對=87.7%   hand=99.9%  elbow=87.8%  shoulder=100.0%
    60811_17-23-12 → 全對=88.5%   hand=100.0%  elbow=89.5%  shoulder=98.7%
[2/3] 留出 gary_20260821   訓練 17,272 視窗 / 測試 7,653
    60821_22-03-40 → 全對=75.7%   hand=100.0%  elbow=75.7%  shoulder=100.0%
    60821_22-17-38 → 全對=62.4%   hand=99.3%  elbow=63.1%  shoulder=99.9%
[3/3] 留出 neil_20260810   訓練 15,105 視窗 / 測試 9,820
    60810_21-17-16 → 全對=55.0%   hand=96.2%  elbow=56.8%  shoulder=78.9%
    60810_21-35-03 → 全對=74.8%   hand=92.0%  elbow=92.3%  shoulder=85.4%
    60810_21-54-56 → 全對=67.1%   hand=71.2%  elbow=93.8%  shoulder=97.8%
     ⚠️ 開頭空白段落在壞段落內，校準改用 541.0~544.5s 的休息段（3.5s，共 39 段可選）

==============================================================================
留一份錄音 —— 每份都用其餘錄音訓練的模型預測（串流 + 投票）
==============================================================================
     held_out                    recording  protocol  n_windows exact   hand hand_bal elbow elbow_bal shoulder shoulder_bal
gary_20260811 multi_gary_20260811_17-11-49         2       3691 87.7%  99.9%    99.8% 87.8%     80.7%   100.0%       100.0%
gary_20260811 multi_gary_20260811_17-23-12         2       3717 88.5% 100.0%   100.0% 89.5%     82.8%    98.7%        97.3%
gary_20260821 multi_gary_20260821_22-03-40         2       3790 75.7% 100.0%   100.0% 75.7%     80.1%   100.0%       100.0%
gary_20260821 multi_gary_20260821_22-17-38         2       3793 62.4%  99.3%    99.7% 63.1%     64.7%    99.9%        99.9%
neil_20260810 multi_neil_20260810_21-17-16         2       3189 55.0%  96.2%    95.6% 56.8%     42.4%    78.9%        81.9%
neil_20260810 multi_neil_20260810_21-35-03         2       2880 74.8%  92.0%    82.9% 92.3%     88.0%    85.4%        87.4%
neil_20260810 multi_neil_20260810_21-54-56         2       3796 67.1%  71.2%    52.8% 93.8%     90.4%    97.8%        98.5%

平均全對率 73.0% ± 12.5%
  hand      原始 94.1%   平衡 90.1%
  elbow     原始 79.9%   平衡 75.6%
  shoulder  原始 94.4%   平衡 95.0%
