依清單 configs/recordings_v5.txt 選用 7 份錄音（11 份可用中）

     ⚠️ 開頭空白段落在壞段落內，校準改用 541.0~544.5s 的休息段（3.5s，共 39 段可選）
  [ 1/7] gary     cue  multi_gary_20260811_17-11-     3693 視窗  (   18s)  arm_lift=286 elbow_flex=286 index_flex=228 pick_and_lift=284 pick_and_raise=285 pinch=285 rest=1475 shoulder_flex=284 thumb_flex=280
  [ 2/7] gary     cue  multi_gary_20260811_17-23-     3759 視窗  (   37s)  arm_lift=285 elbow_flex=286 index_flex=285 pick_and_lift=283 pick_and_raise=284 pinch=285 rest=1479 shoulder_flex=286 thumb_flex=286
  [ 3/7] gary     cue  multi_gary_20260821_22-03-     3826 視窗  (   55s)  arm_lift=284 elbow_flex=284 index_flex=285 pick_and_lift=286 pick_and_raise=285 pinch=285 rest=1547 shoulder_flex=284 thumb_flex=286
  [ 4/7] gary     cue  multi_gary_20260821_22-17-     3827 視窗  (   74s)  arm_lift=286 elbow_flex=285 index_flex=284 pick_and_lift=283 pick_and_raise=284 pinch=286 rest=1547 shoulder_flex=288 thumb_flex=284
  [ 5/7] neil     cue  multi_neil_20260810_21-17-     3225 視窗  (   90s)  arm_lift=227 elbow_flex=286 index_flex=228 pick_and_lift=228 pick_and_raise=231 pinch=226 rest=1289 shoulder_flex=284 thumb_flex=226
  [ 6/7] neil     cue  multi_neil_20260810_21-35-     2752 視窗  (  104s)  ⛔排除 2 trial  arm_lift=170 elbow_flex=228 index_flex=227 pick_and_lift=168 pick_and_raise=170 pinch=227 rest=1106 shoulder_flex=228 thumb_flex=228
  [ 7/7] neil     cue  multi_neil_20260810_21-54-     3843 視窗  (  123s)  arm_lift=285 elbow_flex=287 index_flex=286 pick_and_lift=286 pick_and_raise=288 pinch=287 rest=1555 shoulder_flex=285 thumb_flex=284

🩹 套用了壞段落遮蔽（_badspans.txt）：
     multi_gary_20260811_17-11-49         1 段、共 20s
     multi_gary_20260811_17-23-12         1 段、共 9s
     multi_neil_20260810_21-17-16         1 段、共 89s
   （遮蔽的是**標籤**不是樣本；與該段重疊 >5% 的視窗會被丟掉。）


  已快取 → results/loro_v5_nohampel/dataset.npz  (124s)

7 份錄音、24,925 個視窗

平行跑 4 折（瓶頸是 CPU 串流重播，不是 GPU 訓練）

[1/7] 留出 multi_gary_20260811_17-11-49   訓練 21,232 視窗 / 測試 3,693
    60811_17-11-49 → 全對=95.9%   hand=100.0%  elbow=95.9%  shoulder=100.0%
[2/7] 留出 multi_gary_20260811_17-23-12   訓練 21,166 視窗 / 測試 3,759
    60811_17-23-12 → 全對=97.5%   hand=100.0%  elbow=97.5%  shoulder=100.0%
[3/7] 留出 multi_gary_20260821_22-03-40   訓練 21,099 視窗 / 測試 3,826
    60821_22-03-40 → 全對=95.1%   hand=99.7%  elbow=95.3%  shoulder=100.0%
[4/7] 留出 multi_gary_20260821_22-17-38   訓練 21,098 視窗 / 測試 3,827
    60821_22-17-38 → 全對=98.0%   hand=99.6%  elbow=98.4%  shoulder=100.0%
[5/7] 留出 multi_neil_20260810_21-17-16   訓練 21,700 視窗 / 測試 3,225
    60810_21-17-16 → 全對=90.2%   hand=100.0%  elbow=90.2%  shoulder=98.2%
[6/7] 留出 multi_neil_20260810_21-35-03   訓練 22,173 視窗 / 測試 2,752
    60810_21-35-03 → 全對=93.0%   hand=98.0%  elbow=94.5%  shoulder=96.5%
[7/7] 留出 multi_neil_20260810_21-54-56   訓練 21,082 視窗 / 測試 3,843
    60810_21-54-56 → 全對=97.8%   hand=99.2%  elbow=99.7%  shoulder=98.6%
     ⚠️ 開頭空白段落在壞段落內，校準改用 541.0~544.5s 的休息段（3.5s，共 39 段可選）

==============================================================================
留一份錄音 —— 每份都用其餘錄音訓練的模型預測（串流 + 投票）
==============================================================================
                    held_out                    recording  protocol  n_windows exact   hand hand_bal elbow elbow_bal shoulder shoulder_bal
multi_gary_20260811_17-11-49 multi_gary_20260811_17-11-49         2       3691 95.9% 100.0%    99.9% 95.9%     93.6%   100.0%       100.0%
multi_gary_20260811_17-23-12 multi_gary_20260811_17-23-12         2       3717 97.5% 100.0%   100.0% 97.5%     95.9%   100.0%       100.0%
multi_gary_20260821_22-03-40 multi_gary_20260821_22-03-40         2       3790 95.1%  99.7%    99.9% 95.3%     94.4%   100.0%       100.0%
multi_gary_20260821_22-17-38 multi_gary_20260821_22-17-38         2       3793 98.0%  99.6%    99.8% 98.4%     98.9%   100.0%       100.0%
multi_neil_20260810_21-17-16 multi_neil_20260810_21-17-16         2       3189 90.2% 100.0%   100.0% 90.2%     87.2%    98.2%        96.5%
multi_neil_20260810_21-35-03 multi_neil_20260810_21-35-03         2       2880 93.0%  98.0%    97.7% 94.5%     92.2%    96.5%        94.6%
multi_neil_20260810_21-54-56 multi_neil_20260810_21-54-56         2       3796 97.8%  99.2%    99.1% 99.7%     99.8%    98.6%        97.0%

平均全對率 95.3% ± 2.9%
  hand      原始 99.5%   平衡 99.5%
  elbow     原始 95.9%   平衡 94.6%
  shoulder  原始 99.1%   平衡 98.3%
